// Jest Snapshot v1, https://goo.gl/fbAQLP

exports[`Render DashBoardPage 1`] = `
<div>
  Dashboard page content
</div>
`;
