// Jest Snapshot v1, https://goo.gl/fbAQLP

exports[`Render Loading Page 1`] = `
<div
  className="loader"
>
  <img
    className="loader__image"
    src="/image/loader.gif"
  />
</div>
`;
